[    0.000000] Initializing cgroup subsys cpuset
[    0.000000] Initializing cgroup subsys cpu
[    0.000000] Initializing cgroup subsys cpuacct
[    0.000000] Linux version 4.4.0-210-generic (buildd@lgw01-amd64-009) (gcc version 5.4.0 20160609 (Ubuntu 5.4.0-6ubuntu1~16.04.12) ) #242-Ubuntu SMP Fri Apr 16 09:57:56 UTC 2021 (Ubuntu 4.4.0-210.242-generic 4.4.262)
[    0.000000] Command line: BOOT_IMAGE=/boot/vmlinuz-4.4.0-210-generic root=LABEL=cloudimg-rootfs ro console=tty1 console=ttyS0
[    0.000000] KERNEL supported cpus:
[    0.000000]   Intel GenuineIntel
[    0.000000]   AMD AuthenticAMD
[    0.000000]   Centaur CentaurHauls
[    0.000000] x86/fpu: xstate_offset[2]:  576, xstate_sizes[2]:  256
[    0.000000] x86/fpu: Supporting XSAVE feature 0x01: 'x87 floating point registers'
[    0.000000] x86/fpu: Supporting XSAVE feature 0x02: 'SSE registers'
[    0.000000] x86/fpu: Supporting XSAVE feature 0x04: 'AVX registers'
[    0.000000] x86/fpu: Enabled xstate features 0x7, context size is 832 bytes, using 'standard' format.
[    0.000000] e820: BIOS-provided physical RAM map:
[    0.000000] BIOS-e820: [mem 0x0000000000000000-0x000000000009fbff] usable
[    0.000000] BIOS-e820: [mem 0x000000000009fc00-0x000000000009ffff] reserved
[    0.000000] BIOS-e820: [mem 0x00000000000f0000-0x00000000000fffff] reserved
[    0.000000] BIOS-e820: [mem 0x0000000000100000-0x000000003ffeffff] usable
[    0.000000] BIOS-e820: [mem 0x000000003fff0000-0x000000003fffffff] ACPI data
[    0.000000] BIOS-e820: [mem 0x00000000fec00000-0x00000000fec00fff] reserved
[    0.000000] BIOS-e820: [mem 0x00000000fee00000-0x00000000fee00fff] reserved
[    0.000000] BIOS-e820: [mem 0x00000000fffc0000-0x00000000ffffffff] reserved
[    0.000000] NX (Execute Disable) protection: active
[    0.000000] SMBIOS 2.5 present.
[    0.000000] Hypervisor detected: KVM
[    0.000000] e820: last_pfn = 0x3fff0 max_arch_pfn = 0x400000000
[    0.000000] MTRR: Disabled
[    0.000000] x86/PAT: MTRRs disabled, skipping PAT initialization too.
[    0.000000] CPU MTRRs all blank - virtualized system.
[    0.000000] x86/PAT: Configuration [0-7]: WB  WT  UC- UC  WB  WT  UC- UC  
[    0.000000] found SMP MP-table at [mem 0x0009fff0-0x0009ffff] mapped at [ffff88000009fff0]
[    0.000000] Scanning 1 areas for low memory corruption
[    0.000000] RAMDISK: [mem 0x362dc000-0x37165fff]
[    0.000000] ACPI: Early table checksum verification disabled
[    0.000000] ACPI: RSDP 0x00000000000E0000 000024 (v02 VBOX  )
[    0.000000] ACPI: XSDT 0x000000003FFF0030 00003C (v01 VBOX   VBOXXSDT 00000001 ASL  00000061)
[    0.000000] ACPI: FACP 0x000000003FFF00F0 0000F4 (v04 VBOX   VBOXFACP 00000001 ASL  00000061)
[    0.000000] ACPI: DSDT 0x000000003FFF0470 002325 (v02 VBOX   VBOXBIOS 00000002 INTL 20120111)
[    0.000000] ACPI: FACS 0x000000003FFF0200 000040
[    0.000000] ACPI: FACS 0x000000003FFF0200 000040
[    0.000000] ACPI: APIC 0x000000003FFF0240 00005C (v02 VBOX   VBOXAPIC 00000001 ASL  00000061)
[    0.000000] ACPI: SSDT 0x000000003FFF02A0 0001CC (v01 VBOX   VBOXCPUT 00000002 INTL 20120111)
[    0.000000] No NUMA configuration found
[    0.000000] Faking a node at [mem 0x0000000000000000-0x000000003ffeffff]
[    0.000000] NODE_DATA(0) allocated [mem 0x3ffeb000-0x3ffeffff]
[    0.000000] kvm-clock: Using msrs 4b564d01 and 4b564d00
[    0.000000] kvm-clock: cpu 0, msr 0:3ffe3001, primary cpu clock
[    0.000000] kvm-clock: using sched offset of 5093351186 cycles
[    0.000000] clocksource: kvm-clock: mask: 0xffffffffffffffff max_cycles: 0x1cd42e4dffb, max_idle_ns: 881590591483 ns
[    0.000000] Zone ranges:
[    0.000000]   DMA      [mem 0x0000000000001000-0x0000000000ffffff]
[    0.000000]   DMA32    [mem 0x0000000001000000-0x000000003ffeffff]
[    0.000000]   Normal   empty
[    0.000000]   Device   empty
[    0.000000] Movable zone start for each node
[    0.000000] Early memory node ranges
[    0.000000]   node   0: [mem 0x0000000000001000-0x000000000009efff]
[    0.000000]   node   0: [mem 0x0000000000100000-0x000000003ffeffff]
[    0.000000] Initmem setup node 0 [mem 0x0000000000001000-0x000000003ffeffff]
[    0.000000] ACPI: PM-Timer IO Port: 0x4008
[    0.000000] IOAPIC[0]: apic_id 2, version 32, address 0xfec00000, GSI 0-23
[    0.000000] ACPI: INT_SRC_OVR (bus 0 bus_irq 0 global_irq 2 dfl dfl)
[    0.000000] ACPI: INT_SRC_OVR (bus 0 bus_irq 9 global_irq 9 low level)
[    0.000000] Using ACPI (MADT) for SMP configuration information
[    0.000000] smpboot: Allowing 2 CPUs, 0 hotplug CPUs
[    0.000000] PM: Registered nosave memory: [mem 0x00000000-0x00000fff]
[    0.000000] PM: Registered nosave memory: [mem 0x0009f000-0x0009ffff]
[    0.000000] PM: Registered nosave memory: [mem 0x000a0000-0x000effff]
[    0.000000] PM: Registered nosave memory: [mem 0x000f0000-0x000fffff]
[    0.000000] e820: [mem 0x40000000-0xfebfffff] available for PCI devices
[    0.000000] Booting paravirtualized kernel on KVM
[    0.000000] clocksource: refined-jiffies: mask: 0xffffffff max_cycles: 0xffffffff, max_idle_ns: 7645519600211568 ns
[    0.000000] setup_percpu: NR_CPUS:512 nr_cpumask_bits:512 nr_cpu_ids:2 nr_node_ids:1
[    0.000000] PERCPU: Embedded 33 pages/cpu @ffff88003fc00000 s95192 r8192 d31784 u1048576
[    0.000000] Built 1 zonelists in Node order, mobility grouping on.  Total pages: 257912
[    0.000000] Policy zone: DMA32
[    0.000000] Kernel command line: BOOT_IMAGE=/boot/vmlinuz-4.4.0-210-generic root=LABEL=cloudimg-rootfs ro console=tty1 console=ttyS0
[    0.000000] PID hash table entries: 4096 (order: 3, 32768 bytes)
[    0.000000] Memory: 997792K/1048120K available (8644K kernel code, 1332K rwdata, 4044K rodata, 1492K init, 1164K bss, 50328K reserved, 0K cma-reserved)
[    0.000000] SLUB: HWalign=64, Order=0-3, MinObjects=0, CPUs=2, Nodes=1
[    0.000000] Kernel/User page tables isolation: enabled
[    0.000000] Hierarchical RCU implementation.
[    0.000000] 	Build-time adjustment of leaf fanout to 64.
[    0.000000] 	RCU restricting CPUs from NR_CPUS=512 to nr_cpu_ids=2.
[    0.000000] RCU: Adjusting geometry for rcu_fanout_leaf=64, nr_cpu_ids=2
[    0.000000] NR_IRQS:33024 nr_irqs:440 16
[    0.000000] Console: colour VGA+ 80x25
[    0.000000] console [tty1] enabled
[    0.000000] console [ttyS0] enabled
[    0.000000] tsc: Detected 1800.000 MHz processor
[    0.469827] Calibrating delay loop (skipped) preset value.. 3600.00 BogoMIPS (lpj=7200000)
[    0.478247] pid_max: default: 32768 minimum: 301
[    0.483889] ACPI: Core revision 20150930
[    0.487940] ACPI: 2 ACPI AML tables successfully acquired and loaded
[    0.492948] Security Framework initialized
[    0.496227] Yama: becoming mindful.
[    0.498620] AppArmor: AppArmor initialized
[    0.504145] Dentry cache hash table entries: 131072 (order: 8, 1048576 bytes)
[    0.511379] Inode-cache hash table entries: 65536 (order: 7, 524288 bytes)
[    0.516680] Mount-cache hash table entries: 2048 (order: 2, 16384 bytes)
[    0.523390] Mountpoint-cache hash table entries: 2048 (order: 2, 16384 bytes)
[    0.528132] Initializing cgroup subsys io
[    0.531332] Initializing cgroup subsys memory
[    0.533730] Initializing cgroup subsys devices
[    0.537957] Initializing cgroup subsys freezer
[    0.543014] Initializing cgroup subsys net_cls
[    0.546736] Initializing cgroup subsys perf_event
[    0.550540] Initializing cgroup subsys net_prio
[    0.556310] Initializing cgroup subsys hugetlb
[    0.559695] Initializing cgroup subsys pids
[    0.572506] mce: CPU supports 0 MCE banks
[    0.575225] Last level iTLB entries: 4KB 64, 2MB 8, 4MB 8
[    0.580121] Last level dTLB entries: 4KB 64, 2MB 0, 4MB 0, 1GB 4
[    0.584906] Spectre V1 : Mitigation: usercopy/swapgs barriers and __user pointer sanitization
[    0.592292] Spectre V2 : Mitigation: Full generic retpoline
[    0.597709] Spectre V2 : Spectre v2 / SpectreRSB mitigation: Filling RSB on context switch
[    0.604640] Speculative Store Bypass: Vulnerable
[    0.608440] SRBDS: Unknown: Dependent on hypervisor status
[    0.614285] MDS: Mitigation: Clear CPU buffers
[    0.623127] Freeing SMP alternatives memory: 36K
[    0.638366] ftrace: allocating 32380 entries in 127 pages
[    0.749458] smpboot: APIC(0) Converting physical 0 to logical package 0
[    0.755167] smpboot: Max logical packages: 1
[    0.758268] x2apic enabled
[    0.760831] Switched APIC routing to physical x2apic.
[    0.767890] ..TIMER: vector=0x30 apic1=0 pin1=2 apic2=-1 pin2=-1
[    0.880029] smpboot: CPU0: Intel(R) Core(TM) i5-5350U CPU @ 1.80GHz (family: 0x6, model: 0x3d, stepping: 0x4)
[    0.887354] Performance Events: unsupported p6 CPU model 61 no PMU driver, software events only.
[    0.914592] KVM setup paravirtual spinlock
[    0.922234] x86: Booting SMP configuration:
[    0.925867] .... node  #0, CPUs:      #1
[    0.930089] kvm-clock: cpu 1, msr 0:3ffe3041, secondary cpu clock
[    0.947818] mce: CPU supports 0 MCE banks
[    0.955503] x86: Booted up 1 node, 2 CPUs
[    0.959500] smpboot: Total of 2 processors activated (7200.00 BogoMIPS)
[    0.966261] devtmpfs: initialized
[    0.971233] evm: security.selinux
[    0.973543] evm: security.SMACK64
[    0.976083] evm: security.SMACK64EXEC
[    0.978955] evm: security.SMACK64TRANSMUTE
[    0.983173] evm: security.SMACK64MMAP
[    0.989083] evm: security.ima
[    0.993341] evm: security.capability
[    0.999129] clocksource: jiffies: mask: 0xffffffff max_cycles: 0xffffffff, max_idle_ns: 7645041785100000 ns
[    1.007170] futex hash table entries: 512 (order: 3, 32768 bytes)
[    1.012325] pinctrl core: initialized pinctrl subsystem
[    1.017547] RTC time:  5:27:04, date: 12/05/21
[    1.022721] NET: Registered protocol family 16
[    1.039707] cpuidle: using governor ladder
[    1.055550] cpuidle: using governor menu
[    1.060657] PCCT header not found.
[    1.065512] ACPI: bus type PCI registered
[    1.073694] acpiphp: ACPI Hot Plug PCI Controller Driver version: 0.5
[    1.089468] PCI: Using configuration type 1 for base access
[    1.116688] ACPI: Added _OSI(Module Device)
[    1.120474] ACPI: Added _OSI(Processor Device)
[    1.126657] ACPI: Added _OSI(3.0 _SCP Extensions)
[    1.134457] ACPI: Added _OSI(Processor Aggregator Device)
[    1.142865] ACPI: Executed 1 blocks of module-level executable AML code
[    1.164636] ACPI: Interpreter enabled
[    1.175493] ACPI: (supports S0 S5)
[    1.182515] ACPI: Using IOAPIC for interrupt routing
[    1.193844] PCI: Using host bridge windows from ACPI; if necessary, use "pci=nocrs" and report a bug
[    1.235456] ACPI: PCI Root Bridge [PCI0] (domain 0000 [bus 00-ff])
[    1.243127] acpi PNP0A03:00: _OSC: OS supports [ASPM ClockPM Segments MSI]
[    1.254304] acpi PNP0A03:00: _OSC: not requesting OS control; OS requires [ExtendedConfig ASPM ClockPM MSI]
[    1.265635] acpi PNP0A03:00: fail to add MMCONFIG information, can't access extended PCI configuration space under this bridge.
[    1.283041] PCI host bridge to bus 0000:00
[    1.287456] pci_bus 0000:00: root bus resource [io  0x0000-0x0cf7 window]
[    1.295902] pci_bus 0000:00: root bus resource [io  0x0d00-0xffff window]
[    1.303816] pci_bus 0000:00: root bus resource [mem 0x000a0000-0x000bffff window]
[    1.316495] pci_bus 0000:00: root bus resource [mem 0x40000000-0xfdffffff window]
[    1.327230] pci_bus 0000:00: root bus resource [bus 00-ff]
[    1.346957] pci 0000:00:01.1: legacy IDE quirk: reg 0x10: [io  0x01f0-0x01f7]
[    1.356680] pci 0000:00:01.1: legacy IDE quirk: reg 0x14: [io  0x03f6]
[    1.364851] pci 0000:00:01.1: legacy IDE quirk: reg 0x18: [io  0x0170-0x0177]
[    1.390422] pci 0000:00:01.1: legacy IDE quirk: reg 0x1c: [io  0x0376]
[    1.432780] pci 0000:00:07.0: quirk: [io  0x4000-0x403f] claimed by PIIX4 ACPI
[    1.437967] pci 0000:00:07.0: quirk: [io  0x4100-0x410f] claimed by PIIX4 SMB
[    1.471336] ACPI: PCI Interrupt Link [LNKA] (IRQs 5 9 10 *11)
[    1.476767] ACPI: PCI Interrupt Link [LNKB] (IRQs 5 9 *10 11)
[    1.485106] ACPI: PCI Interrupt Link [LNKC] (IRQs 5 *9 10 11)
[    1.491214] ACPI: PCI Interrupt Link [LNKD] (IRQs 5 9 10 *11)
[    1.496546] ACPI: Enabled 2 GPEs in block 00 to 07
[    1.503297] vgaarb: setting as boot device: PCI:0000:00:02.0
[    1.506819] vgaarb: device added: PCI:0000:00:02.0,decodes=io+mem,owns=io+mem,locks=none
[    1.512023] vgaarb: loaded
[    1.514125] vgaarb: bridge control possible 0000:00:02.0
[    1.520086] SCSI subsystem initialized
[    1.523377] ACPI: bus type USB registered
[    1.526489] usbcore: registered new interface driver usbfs
[    1.530632] usbcore: registered new interface driver hub
[    1.534429] usbcore: registered new device driver usb
[    1.540809] PCI: Using ACPI for IRQ routing
[    1.544291] NetLabel: Initializing
[    1.547137] NetLabel:  domain hash size = 128
[    1.551818] NetLabel:  protocols = UNLABELED CIPSOv4
[    1.555383] NetLabel:  unlabeled traffic allowed by default
[    1.559862] amd_nb: Cannot enumerate AMD northbridges
[    1.563294] clocksource: Switched to clocksource kvm-clock
[    1.581477] AppArmor: AppArmor Filesystem Enabled
[    1.584841] pnp: PnP ACPI init
[    1.589703] pnp: PnP ACPI: found 3 devices
[    1.608301] clocksource: acpi_pm: mask: 0xffffff max_cycles: 0xffffff, max_idle_ns: 2085701024 ns
[    1.612772] NET: Registered protocol family 2
[    1.616662] TCP established hash table entries: 8192 (order: 4, 65536 bytes)
[    1.620937] TCP bind hash table entries: 8192 (order: 5, 131072 bytes)
[    1.625453] TCP: Hash tables configured (established 8192 bind 8192)
[    1.629386] UDP hash table entries: 512 (order: 2, 16384 bytes)
[    1.633964] UDP-Lite hash table entries: 512 (order: 2, 16384 bytes)
[    1.638573] NET: Registered protocol family 1
[    1.642384] pci 0000:00:00.0: Limiting direct PCI/PCI transfers
[    1.646832] pci 0000:00:01.0: Activating ISA DMA hang workarounds
[    1.651784] Unpacking initramfs...
[    2.093256] Freeing initrd memory: 14888K
[    2.097175] RAPL PMU detected, API unit is 2^-32 Joules, 4 fixed counters 10737418240 ms ovfl timer
[    2.104017] hw unit of domain pp0-core 2^-0 Joules
[    2.107441] hw unit of domain package 2^-0 Joules
[    2.110733] hw unit of domain dram 2^-0 Joules
[    2.114517] hw unit of domain pp1-gpu 2^-0 Joules
[    2.119197] clocksource: tsc: mask: 0xffffffffffffffff max_cycles: 0x19f2297dd97, max_idle_ns: 440795236593 ns
[    2.127157] platform rtc_cmos: registered platform RTC device (no PNP device found)
[    2.132891] Scanning for low memory corruption every 60 seconds
[    2.138641] audit: initializing netlink subsys (disabled)
[    2.142898] audit: type=2000 audit(1638682031.121:1): initialized
[    2.147017] Initialise system trusted keyring
[    2.152615] HugeTLB registered 2 MB page size, pre-allocated 0 pages
[    2.160043] zbud: loaded
[    2.162763] VFS: Disk quotas dquot_6.6.0
[    2.166488] VFS: Dquot-cache hash table entries: 512 (order 0, 4096 bytes)
[    2.171424] squashfs: version 4.0 (2009/01/31) Phillip Lougher
[    2.176448] fuse init (API version 7.23)
[    2.179308] Key type big_key registered
[    2.182465] Allocating IMA MOK and blacklist keyrings.
[    2.189411] Key type asymmetric registered
[    2.193645] Asymmetric key parser 'x509' registered
[    2.196932] Block layer SCSI generic (bsg) driver version 0.4 loaded (major 249)
[    2.201652] io scheduler noop registered
[    2.204369] io scheduler deadline registered (default)
[    2.208328] io scheduler cfq registered
[    2.211977] pci_hotplug: PCI Hot Plug PCI Core version: 0.5
[    2.216258] pciehp: PCI Express Hot Plug Controller Driver version: 0.4
[    2.221330] ACPI: AC Adapter [AC] (on-line)
[    2.225095] input: Power Button as /devices/LNXSYSTM:00/LNXPWRBN:00/input/input0
[    2.230906] ACPI: Power Button [PWRF]
[    2.234824] input: Sleep Button as /devices/LNXSYSTM:00/LNXSLPBN:00/input/input1
[    2.239901] ACPI: Sleep Button [SLPF]
[    2.243504] GHES: HEST is not enabled!
[    2.245935] ACPI: Battery Slot [BAT0] (battery present)
[    2.250104] Serial: 8250/16550 driver, 32 ports, IRQ sharing enabled
[    2.276941] 00:02: ttyS0 at I/O 0x3f8 (irq = 4, base_baud = 115200) is a 16550A
[    2.288171] Linux agpgart interface v0.103
[    2.295095] loop: module loaded
[    2.299176] scsi host0: ata_piix
[    2.301683] scsi host1: ata_piix
[    2.304084] ata1: PATA max UDMA/33 cmd 0x1f0 ctl 0x3f6 bmdma 0xd000 irq 14
[    2.308068] ata2: PATA max UDMA/33 cmd 0x170 ctl 0x376 bmdma 0xd008 irq 15
[    2.313157] libphy: Fixed MDIO Bus: probed
[    2.320491] tun: Universal TUN/TAP device driver, 1.6
[    2.325220] tun: (C) 1999-2004 Max Krasnyansky <maxk@qualcomm.com>
[    2.330078] PPP generic driver version 2.4.2
[    2.333490] ehci_hcd: USB 2.0 'Enhanced' Host Controller (EHCI) Driver
[    2.337722] ehci-pci: EHCI PCI platform driver
[    2.341916] ehci-platform: EHCI generic platform driver
[    2.345687] ohci_hcd: USB 1.1 'Open' Host Controller (OHCI) Driver
[    2.350470] ohci-pci: OHCI PCI platform driver
[    2.354091] ohci-platform: OHCI generic platform driver
[    2.358167] uhci_hcd: USB Universal Host Controller Interface driver
[    2.363264] i8042: PNP: PS/2 Controller [PNP0303:PS2K,PNP0f03:PS2M] at 0x60,0x64 irq 1,12
[    2.370058] serio: i8042 KBD port at 0x60,0x64 irq 1
[    2.373039] serio: i8042 AUX port at 0x60,0x64 irq 12
[    2.376603] mousedev: PS/2 mouse device common for all mice
[    2.380856] input: AT Translated Set 2 keyboard as /devices/platform/i8042/serio0/input/input2
[    2.388487] rtc_cmos rtc_cmos: rtc core: registered rtc_cmos as rtc0
[    2.393504] rtc_cmos rtc_cmos: alarms up to one day, 114 bytes nvram
[    2.398098] i2c /dev entries driver
[    2.400734] device-mapper: uevent: version 1.0.3
[    2.404173] device-mapper: ioctl: 4.34.0-ioctl (2015-10-28) initialised: dm-devel@redhat.com
[    2.409551] ledtrig-cpu: registered to indicate activity on CPUs
[    2.414598] NET: Registered protocol family 10
[    2.418467] NET: Registered protocol family 17
[    2.421750] Key type dns_resolver registered
[    2.427546] registered taskstats version 1
[    2.429689] Loading compiled-in X.509 certificates
[    2.436641] Loaded X.509 cert 'Build time autogenerated kernel key: cf00e047681d67edb2720680708b7d9498083038'
[    2.447546] zswap: loaded using pool lzo/zbud
[    2.462258] Key type trusted registered
[    2.514463] Key type encrypted registered
[    2.521682] AppArmor: AppArmor sha1 policy hashing enabled
[    2.529321] ima: No TPM chip found, activating TPM-bypass!
[    2.536602] ima: Allocated hash algorithm: sha1
[    2.542197] evm: HMAC attrs: 0x1
[    2.548679]   Magic number: 1:865:465
[    2.555012] rtc_cmos rtc_cmos: setting system clock to 2021-12-05 05:27:05 UTC (1638682025)
[    2.565235] BIOS EDD facility v0.16 2004-Jun-25, 0 devices found
[    2.572300] EDD information not available.
[    2.578837] Freeing unused kernel memory: 1492K
[    2.599450] Write protecting the kernel read-only data: 14336k
[    2.603753] Freeing unused kernel memory: 1584K
[    2.606145] Freeing unused kernel memory: 52K
Loading, please wait...
starting version 229
[    2.641745] random: systemd-udevd: uninitialized urandom read (16 bytes read, 5 bits of entropy available)
[    2.643865] random: udevadm: uninitialized urandom read (16 bytes read, 5 bits of entropy available)
[    2.643913] random: udevadm: uninitialized urandom read (16 bytes read, 5 bits of entropy available)
[    2.661169] random: systemd-udevd: uninitialized urandom read (16 bytes read, 5 bits of entropy available)
[    2.666259] random: udevadm: uninitialized urandom read (16 bytes read, 5 bits of entropy available)
[    2.666319] random: udevadm: uninitialized urandom read (16 bytes read, 5 bits of entropy available)
[    2.666603] random: udevadm: uninitialized urandom read (16 bytes read, 5 bits of entropy available)
[    2.666711] random: udevadm: uninitialized urandom read (16 bytes read, 5 bits of entropy available)
[    2.666789] random: udevadm: uninitialized urandom read (16 bytes read, 5 bits of entropy available)
[    2.667083] random: udevadm: uninitialized urandom read (16 bytes read, 5 bits of entropy available)
[    2.773214] Fusion MPT base driver 3.04.20
[    2.775582] Copyright (c) 1999-2008 LSI Corporation
[    2.791448] e1000: Intel(R) PRO/1000 Network Driver - version 7.3.21-k8-NAPI
[    2.796149] e1000: Copyright (c) 1999-2006 Intel Corporation.
[    2.811593] Fusion MPT SPI Host driver 3.04.20
[    2.872325] AVX2 version of gcm_enc/dec engaged.
[    2.876050] AES CTR mode by8 optimization enabled
[    3.008920] input: ImExPS/2 Generic Explorer Mouse as /devices/platform/i8042/serio1/input/input4
[    3.409936] e1000 0000:00:03.0 eth0: (PCI:33MHz:32-bit) 02:be:82:6b:cc:1d
[    3.413890] e1000 0000:00:03.0 eth0: Intel(R) PRO/1000 Network Connection
[    3.420980] mptbase: ioc0: Initiating bringup
[    3.487807] ioc0: LSI53C1030 A0: Capabilities={Initiator}
[    3.735694] scsi host2: ioc0: LSI53C1030 A0, FwRev=00000000h, Ports=1, MaxQ=256, IRQ=20
[    3.868219] scsi 2:0:0:0: Direct-Access     VBOX     HARDDISK         1.0  PQ: 0 ANSI: 5
[    3.872898] scsi target2:0:0: Beginning Domain Validation
[    3.877961] scsi target2:0:0: Domain Validation skipping write tests
[    3.883015] scsi target2:0:0: Ending Domain Validation
[    3.887464] scsi target2:0:0: asynchronous
[    3.914720] scsi 2:0:1:0: Direct-Access     VBOX     HARDDISK         1.0  PQ: 0 ANSI: 5
[    3.919389] scsi target2:0:1: Beginning Domain Validation
[    3.924637] scsi target2:0:1: Domain Validation skipping write tests
[    3.928450] scsi target2:0:1: Ending Domain Validation
[    3.932789] scsi target2:0:1: asynchronous
[    3.957217] sd 2:0:0:0: Attached scsi generic sg0 type 0
[    3.960795] sd 2:0:1:0: Attached scsi generic sg1 type 0
[    3.964213] sd 2:0:0:0: [sda] 83886080 512-byte logical blocks: (42.9 GB/40.0 GiB)
[    3.969437] sd 2:0:1:0: [sdb] 20480 512-byte logical blocks: (10.5 MB/10.0 MiB)
[    3.973847] sd 2:0:0:0: [sda] Write Protect is off
[    3.976741] sd 2:0:1:0: [sdb] Write Protect is off
[    3.979915] sd 2:0:0:0: [sda] Incomplete mode parameter data
[    4.024011] sd 2:0:0:0: [sda] Assuming drive cache: write through
[    4.041750] sd 2:0:1:0: [sdb] Incomplete mode parameter data
[    4.090937] sd 2:0:1:0: [sdb] Assuming drive cache: write through
[    4.099105]  sda: sda1
[    4.104788] sd 2:0:0:0: [sda] Attached SCSI disk
[    4.113596] sd 2:0:1:0: [sdb] Attached SCSI disk
[    4.567271] e1000 0000:00:08.0 eth1: (PCI:33MHz:32-bit) 08:00:27:fb:28:e4
[    4.572326] e1000 0000:00:08.0 eth1: Intel(R) PRO/1000 Network Connection
[    4.580127] e1000 0000:00:03.0 enp0s3: renamed from eth0
[    4.595707] e1000 0000:00:08.0 enp0s8: renamed from eth1
Begin: Loading essential drivers ... [    6.726355] md: linear personality registered for level -1
[    6.740521] md: multipath personality registered for level -4
[    6.751000] md: raid0 personality registered for level 0
[    6.764819] md: raid1 personality registered for level 1
[    6.847467] raid6: sse2x1   gen()  4451 MB/s
[    6.915363] raid6: sse2x1   xor()  4177 MB/s
[    6.983692] raid6: sse2x2   gen()  6100 MB/s
[    7.055341] raid6: sse2x2   xor()  3935 MB/s
[    7.123349] raid6: sse2x4   gen()  7782 MB/s
[    7.191368] raid6: sse2x4   xor()  4995 MB/s
[    7.259337] raid6: avx2x1   gen()  9916 MB/s
[    7.327389] raid6: avx2x2   gen() 11683 MB/s
[    7.395348] raid6: avx2x4   gen() 12649 MB/s
[    7.398177] raid6: using algorithm avx2x4 gen() 12649 MB/s
[    7.401980] raid6: using avx2x2 recovery algorithm
[    7.407291] xor: automatically using best checksumming function:
[    7.451382]    avx       : 15751.000 MB/sec
[    7.457919] async_tx: api initialized (async)
[    7.482054] md: raid6 personality registered for level 6
[    7.486715] md: raid5 personality registered for level 5
[    7.490859] md: raid4 personality registered for level 4
[    7.512977] md: raid10 personality registered for level 10
done.
Begin: Running /scripts/init-premount ... done.
Begin: Mounting root file system ... Begin: Running /scripts/local-top ... done.
Begin: Running /scripts/local-premount ... [    7.596340] Btrfs loaded
Scanning for Btrfs filesystems
done.
Warning: fsck not present, so skipping root file system
[    7.672363] EXT4-fs (sda1): mounted filesystem with ordered data mode. Opts: (null)
done.
Begin: Running /scripts/local-bottom ... done.
Begin: Running /scripts/init-bottom ... done.
[    7.982274] systemd[1]: systemd 229 running in system mode. (+PAM +AUDIT +SELINUX +IMA +APPARMOR +SMACK +SYSVINIT +UTMP +LIBCRYPTSETUP +GCRYPT +GNUTLS +ACL +XZ -LZ4 +SECCOMP +BLKID +ELFUTILS +KMOD -IDN)
[    8.000389] systemd[1]: Detected virtualization oracle.
[    8.003533] systemd[1]: Detected architecture x86-64.

Welcome to [1mUbuntu 16.04.7 LTS[0m!

[    8.015439] systemd[1]: Set hostname to <ubuntu>.
[    8.024483] systemd[1]: Initializing machine ID from random generator.
[    8.029674] systemd[1]: Installed transient /etc/machine-id file.
[    8.359592] systemd[1]: Reached target User and Group Name Lookups.
[[0;32m  OK  [0m] Reached target User and Group Name Lookups.
[    8.366071] systemd[1]: Listening on Journal Socket.
[[0;32m  OK  [0m] Listening on Journal Socket.
[    8.373454] systemd[1]: Created slice System Slice.
[[0;32m  OK  [0m] Created slice System Slice.
[    8.381766] systemd[1]: Created slice system-serial\x2dgetty.slice.
[[0;32m  OK  [0m] Created slice system-serial\x2dgetty.slice.
[    8.403734] systemd[1]: Starting Set console keymap...
         Starting Set console keymap...
[    8.412230] systemd[1]: Listening on LVM2 poll daemon socket.
[[0;32m  OK  [0m] Listening on LVM2 poll daemon socket.
[    8.419197] systemd[1]: Started Forward Password Requests to Wall Directory Watch.
[[0;32m  OK  [0m] Started Forward Password Requests to Wall Directory Watch.
[    8.431412] systemd[1]: Listening on fsck to fsckd communication Socket.
[[0;32m  OK  [0m] Listening on fsck to fsckd communication Socket.
[    8.441159] systemd[1]: Set up automount Arbitrary Executable File Formats File System Automount Point.
[[0;32m  OK  [0m] Set up automount Arbitrary Executab...ats File System Automount Point.
[    8.480165] systemd[1]: Starting Load Kernel Modules...
         Starting Load Kernel Modules...
[    8.487958] systemd[1]: Listening on Device-mapper event daemon FIFOs.
[[0;32m  OK  [0m] [    8.497316] random: nonblocking pool is initialized
Listening on Device-mapper event daemon FIFOs.
[    8.506618] systemd[1]: Listening on /dev/initctl Compatibility Named Pipe.
[[0;32m  OK  [0m] Listening on /dev/initctl Compatibility Named Pipe.
[    8.519221] Loading iSCSI transport class v2.0-870.
[    8.519238] systemd[1]: Started Trigger resolvconf update for networkd DNS.
[[0;32m  OK  [0m] Started Trigger resolvconf update for networkd DNS.
[    8.534448] systemd[1]: Listening on Syslog Socket.
[[0;32m  OK  [0m] Listening on Syslog Socket.
[    8.542141] systemd[1]: Listening on udev Control Socket.
[    8.546068] iscsi: registered transport (tcp)
[[0;32m  OK  [0m] Listening on udev Control Socket.
[    8.554300] systemd[1]: Listening on Journal Audit Socket.
[[0;32m  OK  [0m] Listening on Journal Audit Socket.
[    8.561835] systemd[1]: Created slice User and Session Slice.
[[0;32m  OK  [0m] Created slice User and Session Slice.
[    8.580317] systemd[1]: Reached target Slices.
[[0;32m  OK  [0m] Reached target Slices.
[    8.588442] systemd[1]: Listening on udev Kernel Socket.
[[0;32m  OK  [0m] Listening on udev Kernel Socket.
[    8.596202] systemd[1]: Reached target Swap.
[[0;32m  OK  [0m] Reached target Swap.
[    8.611465] iscsi: registered transport (iser)
[    8.623846] systemd[1]: Starting File System Check on Root Device...
         Starting File System Check on Root Device...
[    8.634299] systemd[1]: Mounting POSIX Message Queue File System...
         Mounting POSIX Message Queue File System...
[    8.646076] systemd[1]: Listening on LVM2 metadata daemon socket.
[[0;32m  OK  [0m] Listening on LVM2 metadata daemon socket.
[    8.676792] systemd[1]: Starting Create list of required static device nodes for the current kernel...
         Starting Create list of required st... nodes for the current kernel...
[    8.698921] systemd[1]: Starting Nameserver information manager...
         Starting Nameserver information manager...
[    8.716733] systemd[1]: Listening on Journal Socket (/dev/log).
[[0;32m  OK  [0m] Listening on Journal Socket (/dev/log).
[    8.748025] systemd[1]: Starting Journal Service...
         Starting Journal Service...
[    8.768929] systemd[1]: Reached target Encrypted Volumes.
[[0;32m  OK  [0m] Reached target Encrypted Volumes.
[    8.825168] systemd[1]: Starting Monitoring of LVM2 mirrors, snapshots etc. using dmeventd or progress polling...
         Starting Monitoring of LVM2 mirrors... dmeventd or progress polling...
[    8.879878] systemd[1]: Reached target System Time Synchronized.
[[0;32m  OK  [0m] Reached target System Time Synchronized.
[    8.907121] systemd[1]: Mounting Debug File System...
         Mounting Debug File System...
[    8.921178] systemd[1]: Starting Uncomplicated firewall...
         Starting Uncomplicated firewall...
[    8.940907] systemd[1]: Mounting Huge Pages File System...
         Mounting Huge Pages File System...
[    8.996177] systemd[1]: Mounted Huge Pages File System.
[[0;32m  OK  [0m] Mounted Huge Pages File System.
[    9.112035] systemd[1]: Mounted POSIX Message Queue File System.
[[0;32m  OK  [0m] Mounted POSIX Message Queue File System.
[    9.136716] systemd[1]: Mounted Debug File System.
[[0;32m  OK  [0m] Mounted Debug File System.
[    9.145853] systemd[1]: Started Journal Service.
[[0;32m  OK  [0m] Started Journal Service.
[[0;32m  OK  [0m] Started Set console keymap.
[[0;32m  OK  [0m] Started Load Kernel Modules.
[[0;32m  OK  [0m] Started File System Check on Root Device.
[[0;32m  OK  [0m] Started Create list of required sta...ce nodes for the current kernel.
[[0;32m  OK  [0m] Started Uncomplicated firewall.
[[0;32m  OK  [0m] Started Nameserver information manager.
[[0;32m  OK  [0m] Started LVM2 metadata daemon.
[[0;32m  OK  [0m] Started File System Check Daemon to report status.
         Starting Create Static Device Nodes in /dev...
         Starting Remount Root and Kernel File Systems...
         Starting Apply Kernel Variables...
         Mounting FUSE Control File System...
[    9.282455] EXT4-fs (sda1): re-mounted. Opts: (null)
[[0;32m  OK  [0m] Mounted FUSE Control File System.
[[0;32m  OK  [0m] Started Remount Root and Kernel File Systems.
         Starting udev Coldplug all Devices...
         Starting Flush Journal to Persistent Storage...
         Starting Load/Save Random Seed...
[[0;32m  OK  [0m] Started Apply Kernel Variables.
[[0;32m  OK  [0m] Started Create Static Device Nodes in /dev.
[[0;32m  OK  [0m] Started Load/Save Random Seed.
         Starting udev Kernel Device Manager...
[[0;32m  OK  [0m] Started Monitoring of LVM2 mirrors,...ng dmeventd or progress polling.
[[0;32m  OK  [0m] Reached target Local File Systems (Pre).
[[0;32m  OK  [0m] Reached target Local File Systems.
         Starting Commit a transient machine-id on disk...
         Starting Initial cloud-init job (pre-networking)...
         Starting Set console font and keymap...
         Starting LSB: AppArmor initialization...
         Starting Tell Plymouth To Write Out Runtime Data...
[[0;32m  OK  [0m] Started Commit a transient machine-id on disk.
[[0;32m  OK  [0m] Started Flush Journal to Persistent Storage.
[[0;32m  OK  [0m] Started Tell Plymouth To Write Out Runtime Data.
[[0;32m  OK  [0m] Started udev Kernel Device Manager.
         Starting Create Volatile Files and Directories...
[[0;32m  OK  [0m] Started Create Volatile Files and Directories.
         Starting Update UTMP about System Boot/Shutdown...
[[0;32m  OK  [0m] Started Update UTMP about System Boot/Shutdown.
[[0;32m  OK  [0m] Started udev Coldplug all Devices.
[[0;32m  OK  [0m] Started Dispatch Password Requests to Console Directory Watch.
[[0;32m  OK  [0m] Found device /dev/ttyS0.
[[0;32m  OK  [0m] Listening on Load/Save RF Kill Switch Status /dev/rfkill Watch.
[[0;32m  OK  [0m] Started Set console font and keymap.
[[0;32m  OK  [0m] Created slice system-getty.slice.
[[0;32m  OK  [0m] Started LSB: AppArmor initialization.
         Starting Load AppArmor profiles managed internally by snapd...
[[0;32m  OK  [0m] Started Load AppArmor profiles managed internally by snapd.
[   13.067035] cloud-init[481]: Cloud-init v. 21.1-19-gbad84ad4-0ubuntu1~16.04.2 running 'init-local' at Sun, 05 Dec 2021 05:27:15 +0000. Up 12.16 seconds.
[[0;32m  OK  [0m] Started Initial cloud-init job (pre-networking).
[[0;32m  OK  [0m] Reached target Network (Pre).
         Starting Raise network interfaces...
[[0;32m  OK  [0m] Started Raise network interfaces.
[[0;32m  OK  [0m] Reached target Network.
         Starting Initial cloud-init job (metadata service crawler)...
[   18.412339] cloud-init[971]: Cloud-init v. 21.1-19-gbad84ad4-0ubuntu1~16.04.2 running 'init' at Sun, 05 Dec 2021 05:27:19 +0000. Up 15.59 seconds.
[   18.425333] cloud-init[971]: ci-info: ++++++++++++++++++++++++++++++++++++++Net device info+++++++++++++++++++++++++++++++++++++++
[   18.429757] cloud-init[971]: ci-info: +--------+-------+----------------------------+---------------+--------+-------------------+
[   18.441057] cloud-init[971]: ci-info: | Device |   Up  |          Address           |      Mask     | Scope  |     Hw-Address    |
[   18.457613] cloud-init[971]: ci-info: +--------+-------+----------------------------+---------------+--------+-------------------+
[   18.473264] cloud-init[971]: ci-info: | enp0s3 |  True |         10.0.2.15          | 255.255.255.0 | global | 02:be:82:6b:cc:1d |
[   18.485621] cloud-init[971]: ci-info: | enp0s3 |  True | fe80::be:82ff:fe6b:cc1d/64 |       .       |  link  | 02:be:82:6b:cc:1d |
[   18.492342] cloud-init[971]: ci-info: | enp0s8 | False |             .              |       .       |   .    | 08:00:27:fb:28:e4 |
[   18.498308] cloud-init[971]: ci-info: |   lo   |  True |         127.0.0.1          |   255.0.0.0   |  host  |         .         |
[   18.508859] cloud-init[971]: ci-info: |   lo   |  True |          ::1/128           |       .       |  host  |         .         |
[   18.515121] cloud-init[971]: ci-info: +--------+-------+----------------------------+---------------+--------+-------------------+
[   18.520668] cloud-init[971]: ci-info: +++++++++++++++++++++++++++Route IPv4 info++++++++++++++++++++++++++++
[   18.525646] cloud-init[971]: ci-info: +-------+-------------+----------+---------------+-----------+-------+
[   18.543202] cloud-init[971]: ci-info: | Route | Destination | Gateway  |    Genmask    | Interface | Flags |
[   18.551620] cloud-init[971]: ci-info: +-------+-------------+----------+---------------+-----------+-------+
[   18.558175] cloud-init[971]: ci-info: |   0   |   0.0.0.0   | 10.0.2.2 |    0.0.0.0    |   enp0s3  |   UG  |
[   18.563641] cloud-init[971]: ci-info: |   1   |   10.0.2.0  | 0.0.0.0  | 255.255.255.0 |   enp0s3  |   U   |
[   18.569636] cloud-init[971]: ci-info: +-------+-------------+----------+---------------+-----------+-------+
[   18.581937] cloud-init[971]: ci-info: +++++++++++++++++++Route IPv6 info+++++++++++++++++++
[   18.586556] cloud-init[971]: ci-info: +-------+-------------+---------+-----------+-------+
[   18.605212] cloud-init[971]: ci-info: | Route | Destination | Gateway | Interface | Flags |
[   18.616199] cloud-init[971]: ci-info: +-------+-------------+---------+-----------+-------+
[   18.625928] cloud-init[971]: ci-info: |   0   |  fe80::/64  |    ::   |   enp0s3  |   U   |
[[0;32m  OK  [0m] Started Initial cloud-init job (metadata service crawler).
[   18.626276] cloud-init[971]: ci-info: |   4   |   ff00::/8  |    ::   |   enp0s3  |   U   |
[   18.643125] cloud-init[971]: ci-info: +-------+-------------+---------+-----------+-------+
[   18.654052] cloud-init[971]: Generating public/private rsa key pair.
[   18.659750] cloud-init[971]: Your identification has been saved in /etc/ssh/ssh_host_rsa_key.
[   18.672623] cloud-init[971]: Your public key has been saved in /etc/ssh/ssh_host_rsa_key.pub.
[   18.683542] cloud-init[971]: The key fingerprint is:
[   18.695970] cloud-init[971]: SHA256:HkoOwrKb7Poi1bZmy+Qtg6pMXsR/ZxGbuQNWDRHBwZ4 root@ubuntu-xenial
[   18.697611] cloud-init[971]: The key's randomart image is:
[   18.697906] cloud-init[971]: +---[RSA 2048]----+
[   18.706460] cloud-init[971]: |        o*=      |
[   18.724239] cloud-init[971]: |         oo      |
[   18.725942] cloud-init[971]: |        .o..     |
[   18.726291] cloud-init[971]: | ..     .E=      |
[   18.726614] cloud-init[971]: |. o+. .oS=       |
[   18.726808] cloud-init[971]: | oo.++.o..o      |
[   18.726858] cloud-init[971]: |.o +.oo..=       |
[   18.726911] cloud-init[971]: |Boo+*.. o .      |
[   18.726956] cloud-init[971]: |@O.o++.          |
[   18.726997] cloud-init[971]: +----[SHA256]-----+
[   18.727038] cloud-init[971]: Generating public/private dsa key pair.
[   18.727082] cloud-init[971]: Your identification has been saved in /etc/ssh/ssh_host_dsa_key.
[   18.727122] cloud-init[971]: Your public key has been saved in /etc/ssh/ssh_host_dsa_key.pub.
[   18.727547] cloud-init[971]: The key fingerprint is:
[   18.727795] cloud-init[971]: SHA256:dgNgMRIwTStRh2gzV8jvZBhok5LLSTcf8Fz5O2+e4EE root@ubuntu-xenial
[   18.727901] cloud-init[971]: The key's randomart image is:
[   18.727963] cloud-init[971]: +---[DSA 1024]----+
[   18.728152] cloud-init[971]: | .+@*=Bo.        |
[   18.728239] cloud-init[971]: |o.X=X*.+         |
[   18.728316] cloud-init[971]: |o=+=+*. o        |
[   18.728370] cloud-init[971]: |.o ...+  o       |
[   18.728445] cloud-init[971]: |     +  SE+      |
[   18.728776] cloud-init[971]: |      ...+ .     |
[   18.728838] cloud-init[971]: |         oo      |
[   18.728912] cloud-init[971]: |        . oo.    |
[   18.728985] cloud-init[971]: |         .oo     |
[   18.729437] cloud-init[971]: +----[SHA256]-----+
[   18.729560] cloud-init[971]: Generating public/private ecdsa key pair.
[   18.729718] cloud-init[971]: Your identification has been saved in /etc/ssh/ssh_host_ecdsa_key.
[   18.730636] cloud-init[971]: Your public key has been saved in /etc/ssh/ssh_host_ecdsa_key.pub.
[   18.733328] cloud-init[971]: The key fingerprint is:
[   18.734819] cloud-init[971]: SHA256:eQNWrjKQKdCafqUezeNmwzYNuej1w5ImeB9kHksmTIs root@ubuntu-xenial
[   18.735186] cloud-init[971]: The key's randomart image is:
[   18.739973] cloud-init[971]: +---[ECDSA 256]---+
[   18.741321] cloud-init[971]: |..        .      |
[   18.748721] cloud-init[971]: | ..  o   o       |
[   18.752770] cloud-init[971]: | o..+   o .      |
[   18.753823] cloud-init[971]: |o +..o . +       |
[   18.754987] cloud-init[971]: |.E +=*+ S o      |
[   18.755371] cloud-init[971]: | . +B*oo . .     |
[   18.759068] cloud-init[971]: |  + ==B          |
[   18.761374] cloud-init[971]: | . =.&o+         |
[[0;32m  OK  [0m] Reached target System Initialization.
[   18.761587] cloud-init[971]: |  o.B.+..        |
[[   18.845406] [0;32m  OK  [0mcloud-init] [971]: Started ACPI Events Check.+----[SHA256]-----+

[   18.850488] cloud-init[971]: Generating public/private ed25519 key pair.
[   18.851169] cloud-init[971]: Your identification has been saved in /etc/ssh/ssh_host_ed25519_key.
[   18.851352] cloud-init[971]: Your public key has been saved in /etc/ssh/ssh_host_ed25519_key.pub.
[   18.852425] cloud-init[971]: The key fingerprint is:
[[0;32m  OK  [0m] Reached target Paths.
[   18.852918] cloud-init[971]: SHA256:p3OHNBm874kU27J/YczArO+HzkkORV2rPkVy3iPxCbc root@ubuntu-xenial
[[0;32m  OK  [0m] Listening on ACPID Listen Socket.
[   18.853381] cloud-init[971]: The key's randomart image is:
[   18.883066] cloud-init[971]: +--[ED25519 256]--+
         Starting Socket activation for snappy daemon.
[[0;32m  OK  [0m] Started Daily apt download activities.
[   18.889052] cloud-init[971]: |                .|
[[0;32m  OK  [0m] Started Daily apt upgrade and clean activities.
[[0;32m  OK  [0m] Started Ubuntu Advantage update messaging.
[[0;32m  OK  [0m] Started Message of the Day.
[[0;32m  OK  [0m] Listening on UUID daemon activation socket.
[[0;32m  OK  [0m] Started Daily Cleanup of Temporary Directories.
[[0;32m  OK  [0m] Reached target Timers.
[[0;32m  OK  [0m] Listening on D-Bus System Message Bus Socket.
[   18.907603] cloud-init[971]: |         .   . ..|
[   18.930264] cloud-init[971]: |          oo.+.= |
         Starting LXD - unix socket.
[[0;32m  OK  [0m] Reached target Network is Online.
[   18.942894] cloud-init[971]: |           =+ @ +|
[   18.968630] cloud-init[971]: |        S B..* E.|
[   18.979651] cloud-init[971]: |         +.O. B .|
         Starting iSCSI initiator daemon (iscsid)...
[[0;32m  OK  [0m] Reached target Cloud-config availability.
[   18.982290] cloud-init[971]: |        o B.== . |
[   18.993325] cloud-init[971]: |         + @oo+  |
[[0;32m  OK  [0m] Listening on Socket activation for snappy daemon.
[   18.999604] cloud-init[[0;32m  OK  [0m] Listening on LXD - unix socket.
[[0;32m  OK  [0m] [971]: Reached target Sockets.|          o+Xo   |

[[0;32m  OK  [0m] Reached target Basic System.
[   19.009240] cloud-init[971]: +----[SHA256]-----+
         Starting LXD - container startup/shutdown...
         Starting Accounts Service...
         Starting System Logging Service...
         Starting LSB: Record successful boot for GRUB...
         Starting Login Service...
[[0;32m  OK  [0m] Started Deferred execution scheduler.
         Starting /etc/rc.local Compatibility...
[[0;32m  OK  [0m] Started FUSE filesystem for LXC.
         Starting Virtualbox guest utils...
         Starting Pollinate to seed the pseudo random number generator...
         Starting Snap Daemon...
[[0;32m  OK  [0m] Started D-Bus System Message Bus.
[[0;32m  OK  [0m] Started Regular background program processing daemon.
         Starting LSB: MD monitoring daemon...
[[0;32m  OK  [0m] Started ACPI event daemon.
[[0;32m  OK  [0m] Started System Logging Service.
[[0;32m  OK  [0m] Started LXD - container startup/shutdown.
[[0;32m  OK  [0m] Started /etc/rc.local Compatibility.
[[0;32m  OK  [0m] Started iSCSI initiator daemon (iscsid).
[[0;32m  OK  [0m] Started Login Service.
[[0;32m  OK  [0m] Started Unattended Upgrades Shutdown.
         Starting Authenticate and Authorize Users to Run Privileged Tasks...
         Starting Login to default iSCSI targets...
[[0;32m  OK  [0m] Started LSB: Record successful boot for GRUB.
[[0;32m  OK  [0m] Started LSB: MD monitoring daemon.
[[0;32m  OK  [0m] Started Login to default iSCSI targets.
[[0;32m  OK  [0m] Reached target Remote File Systems (Pre).
[[0;32m  OK  [0m] Reached target Remote File Systems.
         Starting LSB: automatic crash report generation...
         Starting LSB: Set the CPU Frequency Scaling governor to "ondemand"...
         Starting LSB: daemon to balance interrupts for SMP systems...
         Starting Permit User Sessions...
[[0;32m  OK  [0m] Started Permit User Sessions.
         Starting Hold until boot process finishes up...
         Starting Terminate Plymouth Boot Screen...
[[0;32m  OK  [0m] Started Hold until boot process finishes up.
         Starting Set console scheme...
[[0;32m  OK  [0m] Started Getty on tty1.
[[0;32m  OK  [0m] Started Serial Getty on ttyS0.
[[0;32m  OK  [0m] Reached target Login Prompts.
[[0;32m  OK  [0m] Started Terminate Plymouth Boot Screen.
[[0;32m  OK  [0m] Started Set console scheme.
[[0;32m  OK  [0m] Started Authenticate and Authorize Users to Run Privileged Tasks.
[[0;32m  OK  [0m] Started Accounts Service.
[[0;32m  OK  [0m] Started LSB: automatic crash report generation.
[[0;32m  OK  [0m] Started LSB: Set the CPU Frequency Scaling governor to "ondemand".
[[0;32m  OK  [0m] Started LSB: daemon to balance interrupts for SMP systems.
[[0;32m  OK  [0m] Started Virtualbox guest utils.
[[0;32m  OK  [0m] Started Snap Daemon.
         Starting Wait until snapd is fully seeded...
[[0;32m  OK  [0m] Started Pollinate to seed the pseudo random number generator.
         Starting OpenBSD Secure Shell server...
[[0;32m  OK  [0m] Started OpenBSD Secure Shell server.
[[0;32m  OK  [0m] Created slice User Slice of vagrant.
         Starting User Manager for UID 1000...
[[0;32m  OK  [0m] Started Session 1 of user vagrant.
[[0;32m  OK  [0m] Started User Manager for UID 1000.

Ubuntu 16.04.7 LTS ubuntu-xenial ttyS0

ubuntu-xenial login: [   27.899862] cloud-init[1498]: Generating locales (this might take a while)...
[   30.727049] cloud-init[1498]:   en_US.UTF-8... done
[   30.736595] cloud-init[1498]: Generation complete.
[   32.161266] cloud-init[1498]: Cloud-init v. 21.1-19-gbad84ad4-0ubuntu1~16.04.2 running 'modules:config' at Sun, 05 Dec 2021 05:27:31 +0000. Up 27.46 seconds.
ci-info: no authorized SSH keys fingerprints found for user ubuntu.
<14>Dec  5 05:27:38 ec2: 
<14>Dec  5 05:27:38 ec2: #############################################################
<14>Dec  5 05:27:38 ec2: -----BEGIN SSH HOST KEY FINGERPRINTS-----
<14>Dec  5 05:27:38 ec2: 1024 SHA256:dgNgMRIwTStRh2gzV8jvZBhok5LLSTcf8Fz5O2+e4EE root@ubuntu-xenial (DSA)
<14>Dec  5 05:27:38 ec2: 256 SHA256:eQNWrjKQKdCafqUezeNmwzYNuej1w5ImeB9kHksmTIs root@ubuntu-xenial (ECDSA)
<14>Dec  5 05:27:38 ec2: 256 SHA256:p3OHNBm874kU27J/YczArO+HzkkORV2rPkVy3iPxCbc root@ubuntu-xenial (ED25519)
<14>Dec  5 05:27:38 ec2: 2048 SHA256:HkoOwrKb7Poi1bZmy+Qtg6pMXsR/ZxGbuQNWDRHBwZ4 root@ubuntu-xenial (RSA)
<14>Dec  5 05:27:38 ec2: -----END SSH HOST KEY FINGERPRINTS-----
<14>Dec  5 05:27:38 ec2: #############################################################
-----BEGIN SSH HOST KEY KEYS-----
ecdsa-sha2-nistp256 AAAAE2VjZHNhLXNoYTItbmlzdHAyNTYAAAAIbmlzdHAyNTYAAABBBKJ9YcM6w6e8JlOn4zgNLLcY5KSvRIvrUT/CelGyx1nQvhwjAd5KtuzOuJubRHVYaLozDHx8FKiDx2lzxnbNEzw= root@ubuntu-xenial
ssh-ed25519 AAAAC3NzaC1lZDI1NTE5AAAAIMudUQvGmmUQLoZgmKkUXMmkUmX5/MHwB2ncZnRvz1O8 root@ubuntu-xenial
ssh-rsa AAAAB3NzaC1yc2EAAAADAQABAAABAQDudsVQM6AaKOP3SPGEH5RgEpGN1QaSKSVzoMCO+bf3sHKNe32Z2QsvUrHDsay7uadGzLe15kWNYOEOpNiqzdK1v4LZKE387TGMqT8ANpbnPxm0DSrVfeZHa3mfMOfYRrLTo1LJCa5vuCHOAbMv/0PLdLP+/fLNWvCAkxqOAU/o1exEsWY0sSfauhxdZR07leihlqPh1b9aHEGV2YgdPSjwgDdahhCOcSaTvWaIzM+y013ZcBhHg5bW1jrrW5fpcNn1pRKQm8tdjALy1WDLnHIdLOtb30m2G3RyLgzSMykzPEO0UkTVMFPYXqupAeSivT2e9ZMxZjKALB6XS55NKGI9 root@ubuntu-xenial
-----END SSH HOST KEY KEYS-----
[   35.603317] cloud-init[1977]: Cloud-init v. 21.1-19-gbad84ad4-0ubuntu1~16.04.2 running 'modules:final' at Sun, 05 Dec 2021 05:27:37 +0000. Up 34.21 seconds.
[   35.610523] cloud-init[1977]: ci-info: no authorized SSH keys fingerprints found for user ubuntu.
[   35.614982] cloud-init[1977]: Cloud-init v. 21.1-19-gbad84ad4-0ubuntu1~16.04.2 finished at Sun, 05 Dec 2021 05:27:39 +0000. Datasource DataSourceNoCloud [seed=/dev/sdb][dsmode=net].  Up 35.40 seconds
